LIBHX_3.25 {
global:
	HX_basename;
	HX_basename_exact;
	HX_chomp;
	HX_copy_dir;
	HX_copy_file;
	HX_dirname;
	HX_dlclose;
	HX_dlerror;
	HX_dlopen;
	HX_dlsym;
	HX_drand;
	HX_exit;
	HX_ffs;
	HX_fls;
	HX_getl;
	HX_getopt;
	HX_getopt_help;
	HX_getopt_help_cb;
	HX_getopt_usage;
	HX_getopt_usage_cb;
	HX_hexdump;
	HX_init;
	HX_irand;
	HX_memmem;
	HX_mkdir;
	HX_rand;
	HX_readlink;
	HX_realpath;
	HX_rrmdir;
	HX_shconfig;
	HX_shconfig_free;
	HX_shconfig_map;
	HX_shconfig_pv;
	HX_split;
	HX_split_fixed;
	HX_split_inplace;
	HX_stpltrim;
	HX_strbchr;
	HX_strchr2;
	HX_strclone;
	HX_strdup;
	HX_strlcat;
	HX_strlcpy;
	HX_strlncat;
	HX_strlower;
	HX_strltrim;
	HX_strmid;
	HX_strndup;
	HX_strnlen;
	HX_strquote;
	HX_strrcspn;
	HX_strrev;
	HX_strrtrim;
	HX_strsep2;
	HX_strsep;
	HX_strupper;
	HX_time_compare;
	HX_timespec_add;
	HX_timespec_isneg;
	HX_timespec_mul;
	HX_timespec_mulf;
	HX_timespec_neg;
	HX_timespec_sub;
	HX_timeval_sub;
	HX_zvecfree;
	HXdeque_del;
	HXdeque_find;
	HXdeque_free;
	HXdeque_genocide2;
	HXdeque_get;
	HXdeque_init;
	HXdeque_move;
	HXdeque_pop;
	HXdeque_push;
	HXdeque_shift;
	HXdeque_to_vec;
	HXdeque_unshift;
	HXdir_close;
	HXdir_open;
	HXdir_read;
	HXformat_add;
	HXformat_aprintf;
	HXformat_fprintf;
	HXformat_free;
	HXformat_init;
	HXformat_sprintf;
	HXhash_djb2;
	HXhash_jlookup3;
	HXhash_jlookup3s;
	HXhash_primes;
	HXio_fullread;
	HXio_fullwrite;
	HXmap_add;
	HXmap_del;
	HXmap_find;
	HXmap_free;
	HXmap_get;
	HXmap_init5;
	HXmap_init;
	HXmap_keysvalues;
	HXmap_qfe;
	HXmap_traverse;
	HXmap_travfree;
	HXmap_travinit;
	HXmc_free;
	HXmc_length;
	HXmc_memcat;
	HXmc_memcpy;
	HXmc_memdel;
	HXmc_meminit;
	HXmc_memins;
	HXmc_mempcat;
	HXmc_setlen;
	HXmc_strcat;
	HXmc_strcpy;
	HXmc_strinit;
	HXmc_strins;
	HXmc_strpcat;
	HXmc_trunc;
	HXmc_zvecfree;
	HXproc_run_async;
	HXproc_run_sync;
	HXproc_wait;
local:
	*;
};
